Skipping image OS validation for hb__918749cd6af81bbf1fca25bd9fcd8234: container inspect returned 125
container copy failed; retrying upload with tar stream: podman cp failed. Return code: 125. Stdout: . Stderr: Error: 1 error occurred:
	* copying from host: copier: get: "<source-repository>/harbor/src/harbor/agents/terminus_2/get-asciinema-timestamp.sh": getting extended attributes for "<source-repository>/harbor/src/harbor/agents/terminus_2/get-asciinema-timestamp.sh": listing extended attributes of "<source-repository>/harbor/src/harbor/agents/terminus_2/get-asciinema-timestamp.sh": protocol error
.
Parser warnings: - Extra text detected before JSON object
- Extra text detected after JSON object
Trajectory dumped to /tmp/terminal-bench-harbor-jobs/20260905T003430Z-tth-diphoton-bdt-categorization-terminus-2-372893/20260905T003430Z-tth-diphoton-bd__st37ant/agent/trajectory.json
Parser warnings: - Extra text detected before JSON object
- Extra text detected after JSON object
Trajectory dumped to /tmp/terminal-bench-harbor-jobs/20260905T003430Z-tth-diphoton-bdt-categorization-terminus-2-372893/20260905T003430Z-tth-diphoton-bd__st37ant/agent/trajectory.json
Parser warnings: - Extra text detected before JSON object
- Extra text detected after JSON object
Trajectory dumped to /tmp/terminal-bench-harbor-jobs/20260905T003430Z-tth-diphoton-bdt-categorization-terminus-2-372893/20260905T003430Z-tth-diphoton-bd__st37ant/agent/trajectory.json
Parser warnings: - Extra text detected before JSON object
- Extra text detected after JSON object
Trajectory dumped to /tmp/terminal-bench-harbor-jobs/20260905T003430Z-tth-diphoton-bdt-categorization-terminus-2-372893/20260905T003430Z-tth-diphoton-bd__st37ant/agent/trajectory.json
Parser warnings: - Extra text detected before JSON object
- Extra text detected after JSON object
Trajectory dumped to /tmp/terminal-bench-harbor-jobs/20260905T003430Z-tth-diphoton-bdt-categorization-terminus-2-372893/20260905T003430Z-tth-diphoton-bd__st37ant/agent/trajectory.json
Parser warnings: - Extra text detected before JSON object
- Extra text detected after JSON object
Trajectory dumped to /tmp/terminal-bench-harbor-jobs/20260905T003430Z-tth-diphoton-bdt-categorization-terminus-2-372893/20260905T003430Z-tth-diphoton-bd__st37ant/agent/trajectory.json
Parser warnings: - Extra text detected before JSON object
- Extra text detected after JSON object
Trajectory dumped to /tmp/terminal-bench-harbor-jobs/20260905T003430Z-tth-diphoton-bdt-categorization-terminus-2-372893/20260905T003430Z-tth-diphoton-bd__st37ant/agent/trajectory.json
Parser warnings: - Extra text detected before JSON object
- Extra text detected after JSON object
Trajectory dumped to /tmp/terminal-bench-harbor-jobs/20260905T003430Z-tth-diphoton-bdt-categorization-terminus-2-372893/20260905T003430Z-tth-diphoton-bd__st37ant/agent/trajectory.json
Parser warnings: - Extra text detected before JSON object
- Extra text detected after JSON object
Trajectory dumped to /tmp/terminal-bench-harbor-jobs/20260905T003430Z-tth-diphoton-bdt-categorization-terminus-2-372893/20260905T003430Z-tth-diphoton-bd__st37ant/agent/trajectory.json
Parser warnings: - Extra text detected before JSON object
- Extra text detected after JSON object
Trajectory dumped to /tmp/terminal-bench-harbor-jobs/20260905T003430Z-tth-diphoton-bdt-categorization-terminus-2-372893/20260905T003430Z-tth-diphoton-bd__st37ant/agent/trajectory.json
Parser warnings: - Extra text detected before JSON object
- Extra text detected after JSON object
Trajectory dumped to /tmp/terminal-bench-harbor-jobs/20260905T003430Z-tth-diphoton-bdt-categorization-terminus-2-372893/20260905T003430Z-tth-diphoton-bd__st37ant/agent/trajectory.json
Parser warnings: - Extra text detected before JSON object
- Extra text detected after JSON object
Trajectory dumped to /tmp/terminal-bench-harbor-jobs/20260905T003430Z-tth-diphoton-bdt-categorization-terminus-2-372893/20260905T003430Z-tth-diphoton-bd__st37ant/agent/trajectory.json
Parser warnings: - Extra text detected before JSON object
- Extra text detected after JSON object
Trajectory dumped to /tmp/terminal-bench-harbor-jobs/20260905T003430Z-tth-diphoton-bdt-categorization-terminus-2-372893/20260905T003430Z-tth-diphoton-bd__st37ant/agent/trajectory.json
Parser warnings: - Extra text detected before JSON object
- Extra text detected after JSON object
Trajectory dumped to /tmp/terminal-bench-harbor-jobs/20260905T003430Z-tth-diphoton-bdt-categorization-terminus-2-372893/20260905T003430Z-tth-diphoton-bd__st37ant/agent/trajectory.json
Parser warnings: - Extra text detected before JSON object
- Extra text detected after JSON object
Trajectory dumped to /tmp/terminal-bench-harbor-jobs/20260905T003430Z-tth-diphoton-bdt-categorization-terminus-2-372893/20260905T003430Z-tth-diphoton-bd__st37ant/agent/trajectory.json
Parser warnings: - Extra text detected before JSON object
- Extra text detected after JSON object
Trajectory dumped to /tmp/terminal-bench-harbor-jobs/20260905T003430Z-tth-diphoton-bdt-categorization-terminus-2-372893/20260905T003430Z-tth-diphoton-bd__st37ant/agent/trajectory.json
Parser warnings: - Extra text detected before JSON object
- Extra text detected after JSON object
Trajectory dumped to /tmp/terminal-bench-harbor-jobs/20260905T003430Z-tth-diphoton-bdt-categorization-terminus-2-372893/20260905T003430Z-tth-diphoton-bd__st37ant/agent/trajectory.json
Parser warnings: - Extra text detected before JSON object
- Extra text detected after JSON object
Trajectory dumped to /tmp/terminal-bench-harbor-jobs/20260905T003430Z-tth-diphoton-bdt-categorization-terminus-2-372893/20260905T003430Z-tth-diphoton-bd__st37ant/agent/trajectory.json
Parser warnings: - Extra text detected before JSON object
- Extra text detected after JSON object
Trajectory dumped to /tmp/terminal-bench-harbor-jobs/20260905T003430Z-tth-diphoton-bdt-categorization-terminus-2-372893/20260905T003430Z-tth-diphoton-bd__st37ant/agent/trajectory.json
Parser warnings: - Extra text detected before JSON object
- Extra text detected after JSON object
Trajectory dumped to /tmp/terminal-bench-harbor-jobs/20260905T003430Z-tth-diphoton-bdt-categorization-terminus-2-372893/20260905T003430Z-tth-diphoton-bd__st37ant/agent/trajectory.json
Parser warnings: - Extra text detected before JSON object
- Extra text detected after JSON object
Trajectory dumped to /tmp/terminal-bench-harbor-jobs/20260905T003430Z-tth-diphoton-bdt-categorization-terminus-2-372893/20260905T003430Z-tth-diphoton-bd__st37ant/agent/trajectory.json
Parser warnings: - Extra text detected before JSON object
- Extra text detected after JSON object
Trajectory dumped to /tmp/terminal-bench-harbor-jobs/20260905T003430Z-tth-diphoton-bdt-categorization-terminus-2-372893/20260905T003430Z-tth-diphoton-bd__st37ant/agent/trajectory.json
Parser warnings: - Extra text detected before JSON object
- Extra text detected after JSON object
Trajectory dumped to /tmp/terminal-bench-harbor-jobs/20260905T003430Z-tth-diphoton-bdt-categorization-terminus-2-372893/20260905T003430Z-tth-diphoton-bd__st37ant/agent/trajectory.json
Parser warnings: - Extra text detected before JSON object
- Extra text detected after JSON object
Trajectory dumped to /tmp/terminal-bench-harbor-jobs/20260905T003430Z-tth-diphoton-bdt-categorization-terminus-2-372893/20260905T003430Z-tth-diphoton-bd__st37ant/agent/trajectory.json
Parser warnings: - Extra text detected before JSON object
- Extra text detected after JSON object
Trajectory dumped to /tmp/terminal-bench-harbor-jobs/20260905T003430Z-tth-diphoton-bdt-categorization-terminus-2-372893/20260905T003430Z-tth-diphoton-bd__st37ant/agent/trajectory.json
Parser warnings: - Extra text detected before JSON object
- Extra text detected after JSON object
Trajectory dumped to /tmp/terminal-bench-harbor-jobs/20260905T003430Z-tth-diphoton-bdt-categorization-terminus-2-372893/20260905T003430Z-tth-diphoton-bd__st37ant/agent/trajectory.json
Parser warnings: - Extra text detected before JSON object
- Extra text detected after JSON object
Trajectory dumped to /tmp/terminal-bench-harbor-jobs/20260905T003430Z-tth-diphoton-bdt-categorization-terminus-2-372893/20260905T003430Z-tth-diphoton-bd__st37ant/agent/trajectory.json
Parser warnings: - Extra text detected before JSON object
- Extra text detected after JSON object
Trajectory dumped to /tmp/terminal-bench-harbor-jobs/20260905T003430Z-tth-diphoton-bdt-categorization-terminus-2-372893/20260905T003430Z-tth-diphoton-bd__st37ant/agent/trajectory.json
Parser warnings: - Extra text detected before JSON object
- Extra text detected after JSON object
Trajectory dumped to /tmp/terminal-bench-harbor-jobs/20260905T003430Z-tth-diphoton-bdt-categorization-terminus-2-372893/20260905T003430Z-tth-diphoton-bd__st37ant/agent/trajectory.json
Parser warnings: - Extra text detected before JSON object
- Extra text detected after JSON object
Trajectory dumped to /tmp/terminal-bench-harbor-jobs/20260905T003430Z-tth-diphoton-bdt-categorization-terminus-2-372893/20260905T003430Z-tth-diphoton-bd__st37ant/agent/trajectory.json
Parser warnings: - Extra text detected before JSON object
- Extra text detected after JSON object
Trajectory dumped to /tmp/terminal-bench-harbor-jobs/20260905T003430Z-tth-diphoton-bdt-categorization-terminus-2-372893/20260905T003430Z-tth-diphoton-bd__st37ant/agent/trajectory.json
Parser warnings: - Extra text detected before JSON object
- Extra text detected after JSON object
Trajectory dumped to /tmp/terminal-bench-harbor-jobs/20260905T003430Z-tth-diphoton-bdt-categorization-terminus-2-372893/20260905T003430Z-tth-diphoton-bd__st37ant/agent/trajectory.json
Parser warnings: - Extra text detected before JSON object
- Extra text detected after JSON object
Trajectory dumped to /tmp/terminal-bench-harbor-jobs/20260905T003430Z-tth-diphoton-bdt-categorization-terminus-2-372893/20260905T003430Z-tth-diphoton-bd__st37ant/agent/trajectory.json
Parser warnings: - Extra text detected before JSON object
- Extra text detected after JSON object
Trajectory dumped to /tmp/terminal-bench-harbor-jobs/20260905T003430Z-tth-diphoton-bdt-categorization-terminus-2-372893/20260905T003430Z-tth-diphoton-bd__st37ant/agent/trajectory.json
Parser warnings: - Extra text detected before JSON object
- Extra text detected after JSON object
Trajectory dumped to /tmp/terminal-bench-harbor-jobs/20260905T003430Z-tth-diphoton-bdt-categorization-terminus-2-372893/20260905T003430Z-tth-diphoton-bd__st37ant/agent/trajectory.json
Parser warnings: - Extra text detected before JSON object
- Extra text detected after JSON object
Trajectory dumped to /tmp/terminal-bench-harbor-jobs/20260905T003430Z-tth-diphoton-bdt-categorization-terminus-2-372893/20260905T003430Z-tth-diphoton-bd__st37ant/agent/trajectory.json
Parser warnings: - Extra text detected before JSON object
- Extra text detected after JSON object
Trajectory dumped to /tmp/terminal-bench-harbor-jobs/20260905T003430Z-tth-diphoton-bdt-categorization-terminus-2-372893/20260905T003430Z-tth-diphoton-bd__st37ant/agent/trajectory.json
Parser warnings: - Extra text detected before JSON object
- Extra text detected after JSON object
Trajectory dumped to /tmp/terminal-bench-harbor-jobs/20260905T003430Z-tth-diphoton-bdt-categorization-terminus-2-372893/20260905T003430Z-tth-diphoton-bd__st37ant/agent/trajectory.json
Parser warnings: - Extra text detected before JSON object
- Extra text detected after JSON object
Parser warnings: - Extra text detected before JSON object
- Extra text detected after JSON object
Trajectory dumped to /tmp/terminal-bench-harbor-jobs/20260905T003430Z-tth-diphoton-bdt-categorization-terminus-2-372893/20260905T003430Z-tth-diphoton-bd__st37ant/agent/trajectory.json
Parser warnings: - Extra text detected before JSON object
- Extra text detected after JSON object
Trajectory dumped to /tmp/terminal-bench-harbor-jobs/20260905T003430Z-tth-diphoton-bdt-categorization-terminus-2-372893/20260905T003430Z-tth-diphoton-bd__st37ant/agent/trajectory.json
Parser warnings: - Extra text detected before JSON object
- Extra text detected after JSON object
Trajectory dumped to /tmp/terminal-bench-harbor-jobs/20260905T003430Z-tth-diphoton-bdt-categorization-terminus-2-372893/20260905T003430Z-tth-diphoton-bd__st37ant/agent/trajectory.json
Parser warnings: - Extra text detected before JSON object
- Extra text detected after JSON object
Trajectory dumped to /tmp/terminal-bench-harbor-jobs/20260905T003430Z-tth-diphoton-bdt-categorization-terminus-2-372893/20260905T003430Z-tth-diphoton-bd__st37ant/agent/trajectory.json
Parser warnings: - Extra text detected before JSON object
- Extra text detected after JSON object
Trajectory dumped to /tmp/terminal-bench-harbor-jobs/20260905T003430Z-tth-diphoton-bdt-categorization-terminus-2-372893/20260905T003430Z-tth-diphoton-bd__st37ant/agent/trajectory.json
Parser warnings: - Extra text detected before JSON object
- Extra text detected after JSON object
Trajectory dumped to /tmp/terminal-bench-harbor-jobs/20260905T003430Z-tth-diphoton-bdt-categorization-terminus-2-372893/20260905T003430Z-tth-diphoton-bd__st37ant/agent/trajectory.json
Parser warnings: - Extra text detected before JSON object
- Extra text detected after JSON object
Trajectory dumped to /tmp/terminal-bench-harbor-jobs/20260905T003430Z-tth-diphoton-bdt-categorization-terminus-2-372893/20260905T003430Z-tth-diphoton-bd__st37ant/agent/trajectory.json
Parser warnings: - Extra text detected before JSON object
- Extra text detected after JSON object
Trajectory dumped to /tmp/terminal-bench-harbor-jobs/20260905T003430Z-tth-diphoton-bdt-categorization-terminus-2-372893/20260905T003430Z-tth-diphoton-bd__st37ant/agent/trajectory.json
Parser warnings: - Extra text detected before JSON object
- Extra text detected after JSON object
Trajectory dumped to /tmp/terminal-bench-harbor-jobs/20260905T003430Z-tth-diphoton-bdt-categorization-terminus-2-372893/20260905T003430Z-tth-diphoton-bd__st37ant/agent/trajectory.json
Parser warnings: - Extra text detected before JSON object
- Extra text detected after JSON object
Trajectory dumped to /tmp/terminal-bench-harbor-jobs/20260905T003430Z-tth-diphoton-bdt-categorization-terminus-2-372893/20260905T003430Z-tth-diphoton-bd__st37ant/agent/trajectory.json
Parser warnings: - Extra text detected before JSON object
- Extra text detected after JSON object
Trajectory dumped to /tmp/terminal-bench-harbor-jobs/20260905T003430Z-tth-diphoton-bdt-categorization-terminus-2-372893/20260905T003430Z-tth-diphoton-bd__st37ant/agent/trajectory.json
Parser warnings: - Extra text detected before JSON object
- Extra text detected after JSON object
Trajectory dumped to /tmp/terminal-bench-harbor-jobs/20260905T003430Z-tth-diphoton-bdt-categorization-terminus-2-372893/20260905T003430Z-tth-diphoton-bd__st37ant/agent/trajectory.json
Parser warnings: - Extra text detected before JSON object
- Extra text detected after JSON object
Trajectory dumped to /tmp/terminal-bench-harbor-jobs/20260905T003430Z-tth-diphoton-bdt-categorization-terminus-2-372893/20260905T003430Z-tth-diphoton-bd__st37ant/agent/trajectory.json
Parser warnings: - Extra text detected before JSON object
- Extra text detected after JSON object
Trajectory dumped to /tmp/terminal-bench-harbor-jobs/20260905T003430Z-tth-diphoton-bdt-categorization-terminus-2-372893/20260905T003430Z-tth-diphoton-bd__st37ant/agent/trajectory.json
Parser warnings: - Extra text detected before JSON object
- Extra text detected after JSON object
Trajectory dumped to /tmp/terminal-bench-harbor-jobs/20260905T003430Z-tth-diphoton-bdt-categorization-terminus-2-372893/20260905T003430Z-tth-diphoton-bd__st37ant/agent/trajectory.json
Parser warnings: - Extra text detected before JSON object
- Extra text detected after JSON object
Trajectory dumped to /tmp/terminal-bench-harbor-jobs/20260905T003430Z-tth-diphoton-bdt-categorization-terminus-2-372893/20260905T003430Z-tth-diphoton-bd__st37ant/agent/trajectory.json
Parser warnings: - Extra text detected before JSON object
- Extra text detected after JSON object
Trajectory dumped to /tmp/terminal-bench-harbor-jobs/20260905T003430Z-tth-diphoton-bdt-categorization-terminus-2-372893/20260905T003430Z-tth-diphoton-bd__st37ant/agent/trajectory.json
Parser warnings: - Extra text detected before JSON object
- Extra text detected after JSON object
Trajectory dumped to /tmp/terminal-bench-harbor-jobs/20260905T003430Z-tth-diphoton-bdt-categorization-terminus-2-372893/20260905T003430Z-tth-diphoton-bd__st37ant/agent/trajectory.json
Trajectory dumped to /tmp/terminal-bench-harbor-jobs/20260905T003430Z-tth-diphoton-bdt-categorization-terminus-2-372893/20260905T003430Z-tth-diphoton-bd__st37ant/agent/trajectory.json
Collecting main service artifacts
Skipping image OS validation for hb__cb69f969744d01ff96f07fbfbd8ce14c: container inspect returned 125
