Skipping image OS validation for hb__918749cd6af81bbf1fca25bd9fcd8234: container inspect returned 125
container copy failed; retrying upload with tar stream: podman cp failed. Return code: 125. Stdout: . Stderr: Error: 1 error occurred:
	* copying from host: copier: get: "<source-repository>/harbor/src/harbor/agents/terminus_2/get-asciinema-timestamp.sh": getting extended attributes for "<source-repository>/harbor/src/harbor/agents/terminus_2/get-asciinema-timestamp.sh": listing extended attributes of "<source-repository>/harbor/src/harbor/agents/terminus_2/get-asciinema-timestamp.sh": protocol error
.
Trajectory dumped to /tmp/terminal-bench-harbor-jobs/20260905T033334Z-tth-diphoton-bdt-categorization-terminus-2-998027/20260905T033334Z-tth-diphoton-bd__u5KdDyp/agent/trajectory.json
Trajectory dumped to /tmp/terminal-bench-harbor-jobs/20260905T033334Z-tth-diphoton-bdt-categorization-terminus-2-998027/20260905T033334Z-tth-diphoton-bd__u5KdDyp/agent/trajectory.json
Trajectory dumped to /tmp/terminal-bench-harbor-jobs/20260905T033334Z-tth-diphoton-bdt-categorization-terminus-2-998027/20260905T033334Z-tth-diphoton-bd__u5KdDyp/agent/trajectory.json
Parser warnings: - Command 1 should end with newline when followed by another command. Otherwise the two commands will be concatenated together on the same line.
Trajectory dumped to /tmp/terminal-bench-harbor-jobs/20260905T033334Z-tth-diphoton-bdt-categorization-terminus-2-998027/20260905T033334Z-tth-diphoton-bd__u5KdDyp/agent/trajectory.json
Trajectory dumped to /tmp/terminal-bench-harbor-jobs/20260905T033334Z-tth-diphoton-bdt-categorization-terminus-2-998027/20260905T033334Z-tth-diphoton-bd__u5KdDyp/agent/trajectory.json
Trajectory dumped to /tmp/terminal-bench-harbor-jobs/20260905T033334Z-tth-diphoton-bdt-categorization-terminus-2-998027/20260905T033334Z-tth-diphoton-bd__u5KdDyp/agent/trajectory.json
Trajectory dumped to /tmp/terminal-bench-harbor-jobs/20260905T033334Z-tth-diphoton-bdt-categorization-terminus-2-998027/20260905T033334Z-tth-diphoton-bd__u5KdDyp/agent/trajectory.json
Trajectory dumped to /tmp/terminal-bench-harbor-jobs/20260905T033334Z-tth-diphoton-bdt-categorization-terminus-2-998027/20260905T033334Z-tth-diphoton-bd__u5KdDyp/agent/trajectory.json
Trajectory dumped to /tmp/terminal-bench-harbor-jobs/20260905T033334Z-tth-diphoton-bdt-categorization-terminus-2-998027/20260905T033334Z-tth-diphoton-bd__u5KdDyp/agent/trajectory.json
Trajectory dumped to /tmp/terminal-bench-harbor-jobs/20260905T033334Z-tth-diphoton-bdt-categorization-terminus-2-998027/20260905T033334Z-tth-diphoton-bd__u5KdDyp/agent/trajectory.json
Trajectory dumped to /tmp/terminal-bench-harbor-jobs/20260905T033334Z-tth-diphoton-bdt-categorization-terminus-2-998027/20260905T033334Z-tth-diphoton-bd__u5KdDyp/agent/trajectory.json
Trajectory dumped to /tmp/terminal-bench-harbor-jobs/20260905T033334Z-tth-diphoton-bdt-categorization-terminus-2-998027/20260905T033334Z-tth-diphoton-bd__u5KdDyp/agent/trajectory.json
Trajectory dumped to /tmp/terminal-bench-harbor-jobs/20260905T033334Z-tth-diphoton-bdt-categorization-terminus-2-998027/20260905T033334Z-tth-diphoton-bd__u5KdDyp/agent/trajectory.json
Trajectory dumped to /tmp/terminal-bench-harbor-jobs/20260905T033334Z-tth-diphoton-bdt-categorization-terminus-2-998027/20260905T033334Z-tth-diphoton-bd__u5KdDyp/agent/trajectory.json
Trajectory dumped to /tmp/terminal-bench-harbor-jobs/20260905T033334Z-tth-diphoton-bdt-categorization-terminus-2-998027/20260905T033334Z-tth-diphoton-bd__u5KdDyp/agent/trajectory.json
Trajectory dumped to /tmp/terminal-bench-harbor-jobs/20260905T033334Z-tth-diphoton-bdt-categorization-terminus-2-998027/20260905T033334Z-tth-diphoton-bd__u5KdDyp/agent/trajectory.json
Trajectory dumped to /tmp/terminal-bench-harbor-jobs/20260905T033334Z-tth-diphoton-bdt-categorization-terminus-2-998027/20260905T033334Z-tth-diphoton-bd__u5KdDyp/agent/trajectory.json
Collecting main service artifacts
Skipping image OS validation for hb__cb69f969744d01ff96f07fbfbd8ce14c: container inspect returned 125
